// Jest Snapshot v1, https://goo.gl/fbAQLP

exports[`schema module throws an error if the object doesnt pass the schema 1`] = `"error"`;
